// Jest Snapshot v1, https://goo.gl/fbAQLP

exports[`Oracle full oracle after 5 seconds gas cost of observe(0) 1`] = `100059`;

exports[`Oracle full oracle after 5 seconds gas cost of observe(5) 1`] = `100169`;

exports[`Oracle full oracle after 5 seconds gas cost of observe(oldest) 1`] = `1471514`;

exports[`Oracle full oracle gas cost of observe(0) 1`] = `99570`;

exports[`Oracle full oracle gas cost of observe(200 * 13 + 5) 1`] = `1390878`;

exports[`Oracle full oracle gas cost of observe(200 * 13) 1`] = `1390878`;

exports[`Oracle full oracle gas cost of observe(oldest) 1`] = `1471514`;
